******************************************************************************
            TI ARM Clang Linker PC v4.0.2                      
******************************************************************************
>> Linked Thu Jul 24 20:00:13 2025

OUTPUT FILE NAME:   <SDM18.out>
ENTRY POINT SYMBOL: "_c_int00_noargs"  address: 00000f81


MEMORY CONFIGURATION

         name            origin    length      used     unused   attr    fill
----------------------  --------  ---------  --------  --------  ----  --------
  FLASH                 00000000   00020000  000011e0  0001ee20  R  X
  SRAM                  20200000   00008000  000003d0  00007c30  RW X
  BCR_CONFIG            41c00000   00000080  00000000  00000080  R   
  BSL_CONFIG            41c00100   00000080  00000000  00000080  R   


SEGMENT ALLOCATION MAP

run origin  load origin   length   init length attrs members
----------  ----------- ---------- ----------- ----- -------
00000000    00000000    000011e0   000011e0    r-x
  00000000    00000000    000000c0   000000c0    r-- .intvecs
  000000c0    000000c0    00001060   00001060    r-x .text
  00001120    00001120    00000068   00000068    r-- .rodata
  00001188    00001188    00000058   00000058    r-- .cinit
20200000    20200000    000001d0   00000000    rw-
  20200000    20200000    00000194   00000000    rw- .data
  20200194    20200194    0000003c   00000000    rw- .bss
20207e00    20207e00    00000200   00000000    rw-
  20207e00    20207e00    00000200   00000000    rw- .stack


SECTION ALLOCATION MAP

 output                                  attributes/
section   page    origin      length       input sections
--------  ----  ----------  ----------   ----------------
.intvecs   0    00000000    000000c0     
                  00000000    000000c0     startup_mspm0g350x_ticlang.o (.intvecs)

.text      0    000000c0    00001060     
                  000000c0    0000030c     SMD18.o (.text.print_message)
                  000003cc    00000284     libc.a : _printfi.c.obj (.text:__TI_printfi_minimal)
                  00000650    000001e0     SMD18.o (.text.stop_scan)
                  00000830    00000118     SMD18.o (.text.SDM18_Decode)
                  00000948    000000e4     usart.o (.text.USART1_Send_ArrayU8)
                  00000a2c    0000009a     libc.a : memcpy16.S.obj (.text:memcpy)
                  00000ac6    00000002     startup_mspm0g350x_ticlang.o (.text.Default_Handler)
                  00000ac8    0000007c     libc.a : copy_decompress_lzss.c.obj (.text:decompress:lzss)
                  00000b44    00000070     ti_msp_dl_config.o (.text.SYSCFG_DL_UART_0_init)
                  00000bb4    00000070     ti_msp_dl_config.o (.text.SYSCFG_DL_UART_1_init)
                  00000c24    0000006c     usart.o (.text.UART0_IRQHandler)
                  00000c90    00000062     libc.a : memset16.S.obj (.text:memset)
                  00000cf2    00000002     libclang_rt.builtins.a : aeabi_div0.c.obj (.text.__aeabi_idiv0)
                  00000cf4    0000005c     libc.a : printf.c.obj (.text.printf)
                  00000d50    00000048     driverlib.a : dl_uart.o (.text.DL_UART_init)
                  00000d98    00000044     SMD18.o (.text.SMD18_init)
                  00000ddc    00000040     ti_msp_dl_config.o (.text.SYSCFG_DL_initPower)
                  00000e1c    00000040     libclang_rt.builtins.a : aeabi_uidivmod.S.obj (.text.__aeabi_uidivmod)
                  00000e5c    00000040     delay.o (.text.delay_ms)
                  00000e9c    0000003c     ti_msp_dl_config.o (.text.SYSCFG_DL_SYSCTL_init)
                  00000ed8    0000003c     usart.o (.text.fputs)
                  00000f14    0000003c     libc.a : autoinit.c.obj (.text:__TI_auto_init_nobinit_nopinit)
                  00000f50    00000030     empty.o (.text.main)
                  00000f80    00000028     libc.a : boot_cortex_m.c.obj (.text:_c_int00_noargs)
                  00000fa8    00000024     usart.o (.text.USART_Init)
                  00000fcc    00000022     libc.a : memccpy.c.obj (.text.memccpy)
                  00000fee    00000002            : _lock.c.obj (.text._nop)
                  00000ff0    00000020     usart.o (.text.UART1_IRQHandler)
                  00001010    00000020     usart.o (.text.fputc)
                  00001030    0000001c     ti_msp_dl_config.o (.text.SYSCFG_DL_SYSTICK_init)
                  0000104c    0000001c     ti_msp_dl_config.o (.text.SYSCFG_DL_init)
                  00001068    00000018     ti_msp_dl_config.o (.text.SYSCFG_DL_GPIO_init)
                  00001080    00000016     libc.a : copy_zero_init.c.obj (.text:decompress:ZI:__TI_zero_init_nomemset)
                  00001096    00000012     driverlib.a : dl_uart.o (.text.DL_UART_setClockConfig)
                  000010a8    00000012     libc.a : copy_decompress_none.c.obj (.text:decompress:none)
                  000010ba    00000002     --HOLE-- [fill = 0]
                  000010bc    0000000e     libclang_rt.builtins.a : aeabi_memset.S.obj (.text.__aeabi_memset)
                  000010ca    0000000e     libc.a : _printfi.c.obj (.text.strlen)
                  000010d8    0000000c     libclang_rt.builtins.a : aeabi_memset.S.obj (.text.__aeabi_memclr)
                  000010e4    0000000a     driverlib.a : dl_common.o (.text.DL_Common_delayCycles)
                  000010ee    00000002     --HOLE-- [fill = 0]
                  000010f0    00000008     libclang_rt.builtins.a : aeabi_memcpy.S.obj (.text.__aeabi_memcpy)
                  000010f8    00000008     libc.a : printf.c.obj (.text._outc)
                  00001100    00000008            : printf.c.obj (.text._outs)
                  00001108    00000006            : exit.c.obj (.text:abort)
                  0000110e    00000004     libsysbm.a : hostexit.c.obj (.text.HOSTexit)
                  00001112    00000004     startup_mspm0g350x_ticlang.o (.text.Reset_Handler)
                  00001116    00000004     libc.a : pre_init.c.obj (.text._system_pre_init)
                  0000111a    00000004     usart.o (.text.puts)
                  0000111e    00000002     --HOLE-- [fill = 0]

.cinit     0    00001188    00000058     
                  00001188    0000002e     (.cinit..data.load) [load image, compression = lzss]
                  000011b6    00000002     --HOLE-- [fill = 0]
                  000011b8    0000000c     (__TI_handler_table)
                  000011c4    00000008     (.cinit..bss.load) [load image, compression = zero_init]
                  000011cc    00000010     (__TI_cinit_table)
                  000011dc    00000004     --HOLE-- [fill = 0]

.rodata    0    00001120    00000068     
                  00001120    0000001f     empty.o (.rodata.str1.8138751173933995641.1)
                  0000113f    0000001e     SMD18.o (.rodata.str1.2942524123333474840.1)
                  0000115d    00000011     libc.a : _printfi.c.obj (.rodata.str1.15363888844622738466.1)
                  0000116e    0000000a     ti_msp_dl_config.o (.rodata.gUART_0Config)
                  00001178    0000000a     ti_msp_dl_config.o (.rodata.gUART_1Config)
                  00001182    00000002     ti_msp_dl_config.o (.rodata.gUART_0ClockConfig)
                  00001184    00000002     ti_msp_dl_config.o (.rodata.gUART_1ClockConfig)
                  00001186    00000002     --HOLE-- [fill = 0]

.init_array 
*          0    00000000    00000000     UNINITIALIZED

.binit     0    00000000    00000000     

.data      0    20200000    00000194     UNINITIALIZED
                  20200000    000000f0     libc.a : defs.c.obj (.data._ftable)
                  202000f0    00000080     usart.o (.data.recv0_buff)
                  20200170    00000012     SMD18.o (.data.send_buf)
                  20200182    00000002     SMD18.o (.data.CRC_buff)
                  20200184    00000004     libc.a : _lock.c.obj (.data._lock)
                  20200188    00000004            : _lock.c.obj (.data._unlock)
                  2020018c    00000002     SMD18.o (.data.SDM18_Decode.index)
                  2020018e    00000002     SMD18.o (.data.SDM18_Decode.len)
                  20200190    00000002     usart.o (.data.recv0_length)
                  20200192    00000001     SMD18.o (.data.SDM18_Decode.step_index)
                  20200193    00000001     SMD18.o (.data.newlines)

.bss       0    20200194    0000003c     UNINITIALIZED
                  20200194    0000001e     (.common:Rx_buffer_ok)
                  202001b2    0000001e     (.common:Rx_buffer_temp)

.stack     0    20207e00    00000200     UNINITIALIZED
                  20207e00    00000004     libc.a : boot_cortex_m.c.obj (.stack)
                  20207e04    000001fc     --HOLE--

__llvm_prf_cnts 
*          0    20200000    00000000     UNINITIALIZED

__llvm_prf_bits 
*          0    20200000    00000000     UNINITIALIZED

MODULE SUMMARY

       Module                         code   ro data   rw data
       ------                         ----   -------   -------
    .\
       startup_mspm0g350x_ticlang.o   6      192       0      
       empty.o                        48     31        0      
    +--+------------------------------+------+---------+---------+
       Total:                         54     223       0      
                                                              
    .\BSP\
       SMD18.o                        1608   30        86     
       usart.o                        500    0         130    
       delay.o                        64     0         0      
    +--+------------------------------+------+---------+---------+
       Total:                         2172   30        216    
                                                              
    .\syscfg\
       ti_msp_dl_config.o             428    24        0      
    +--+------------------------------+------+---------+---------+
       Total:                         428    24        0      
                                                              
    E:/SoftWare/ti/mspm0_sdk_2_02_00_05/source/ti/driverlib/lib/ticlang/m0p/mspm0g1x0x_g3x0x/driverlib.a
       dl_uart.o                      90     0         0      
       dl_common.o                    10     0         0      
    +--+------------------------------+------+---------+---------+
       Total:                         100    0         0      
                                                              
    E:\SoftWare\ti\CCS\ccs\tools\compiler\ti-cgt-armllvm_4.0.2.LTS\lib\armv6m-ti-none-eabi/c/libc.a
       _printfi.c.obj                 658    17        0      
       defs.c.obj                     0      0         240    
       memcpy16.S.obj                 154    0         0      
       copy_decompress_lzss.c.obj     124    0         0      
       printf.c.obj                   108    0         0      
       memset16.S.obj                 98     0         0      
       autoinit.c.obj                 60     0         0      
       boot_cortex_m.c.obj            40     0         0      
       memccpy.c.obj                  34     0         0      
       copy_zero_init.c.obj           22     0         0      
       copy_decompress_none.c.obj     18     0         0      
       _lock.c.obj                    2      0         8      
       exit.c.obj                     6      0         0      
       pre_init.c.obj                 4      0         0      
    +--+------------------------------+------+---------+---------+
       Total:                         1328   17        248    
                                                              
    E:\SoftWare\ti\CCS\ccs\tools\compiler\ti-cgt-armllvm_4.0.2.LTS\lib\armv6m-ti-none-eabi/c/libsysbm.a
       hostexit.c.obj                 4      0         0      
    +--+------------------------------+------+---------+---------+
       Total:                         4      0         0      
                                                              
    E:\SoftWare\ti\CCS\ccs\tools\compiler\ti-cgt-armllvm_4.0.2.LTS\lib\armv6m-ti-none-eabi/libclang_rt.builtins.a
       aeabi_uidivmod.S.obj           64     0         0      
       aeabi_memset.S.obj             26     0         0      
       aeabi_memcpy.S.obj             8      0         0      
       aeabi_div0.c.obj               2      0         0      
    +--+------------------------------+------+---------+---------+
       Total:                         100    0         0      
                                                              
       Stack:                         0      0         512    
       Linker Generated:              0      82        0      
    +--+------------------------------+------+---------+---------+
       Grand Total:                   4186   376       976    


LINKER GENERATED COPY TABLES

__TI_cinit_table @ 000011cc records: 2, size/record: 8, table size: 16
	.data: load addr=00001188, load size=0000002e bytes, run addr=20200000, run size=00000194 bytes, compression=lzss
	.bss: load addr=000011c4, load size=00000008 bytes, run addr=20200194, run size=0000003c bytes, compression=zero_init


LINKER GENERATED HANDLER TABLE

__TI_handler_table @ 000011b8 records: 3, size/record: 4, table size: 12
	index: 0, handler: __TI_decompress_lzss
	index: 1, handler: __TI_decompress_none
	index: 2, handler: __TI_zero_init


GLOBAL SYMBOLS: SORTED ALPHABETICALLY BY Name 

address   name                          
-------   ----                          
00000ac7  ADC0_IRQHandler               
00000ac7  ADC1_IRQHandler               
00000ac7  AES_IRQHandler                
0000110e  C$$EXIT                       
00000ac7  CANFD0_IRQHandler             
20200182  CRC_buff                      
00000ac7  DAC0_IRQHandler               
000010e5  DL_Common_delayCycles         
00000d51  DL_UART_init                  
00001097  DL_UART_setClockConfig        
00000ac7  DMA_IRQHandler                
00000ac7  Default_Handler               
00000ac7  GROUP0_IRQHandler             
00000ac7  GROUP1_IRQHandler             
0000110f  HOSTexit                      
00000ac7  HardFault_Handler             
00000ac7  I2C0_IRQHandler               
00000ac7  I2C1_IRQHandler               
00000ac7  NMI_Handler                   
00000ac7  PendSV_Handler                
00000ac7  RTC_IRQHandler                
00001113  Reset_Handler                 
20200194  Rx_buffer_ok                  
202001b2  Rx_buffer_temp                
00000831  SDM18_Decode                  
00000d99  SMD18_init                    
00000ac7  SPI0_IRQHandler               
00000ac7  SPI1_IRQHandler               
00000ac7  SVC_Handler                   
00001069  SYSCFG_DL_GPIO_init           
00000e9d  SYSCFG_DL_SYSCTL_init         
00001031  SYSCFG_DL_SYSTICK_init        
00000b45  SYSCFG_DL_UART_0_init         
00000bb5  SYSCFG_DL_UART_1_init         
0000104d  SYSCFG_DL_init                
00000ddd  SYSCFG_DL_initPower           
00000ac7  SysTick_Handler               
00000ac7  TIMA0_IRQHandler              
00000ac7  TIMA1_IRQHandler              
00000ac7  TIMG0_IRQHandler              
00000ac7  TIMG12_IRQHandler             
00000ac7  TIMG6_IRQHandler              
00000ac7  TIMG7_IRQHandler              
00000ac7  TIMG8_IRQHandler              
00000c25  UART0_IRQHandler              
00000ff1  UART1_IRQHandler              
00000ac7  UART2_IRQHandler              
00000ac7  UART3_IRQHandler              
00000949  USART1_Send_ArrayU8           
00000fa9  USART_Init                    
20208000  __STACK_END                   
00000200  __STACK_SIZE                  
00000000  __TI_ATRegion0_region_sz      
00000000  __TI_ATRegion0_src_addr       
00000000  __TI_ATRegion0_trg_addr       
00000000  __TI_ATRegion1_region_sz      
00000000  __TI_ATRegion1_src_addr       
00000000  __TI_ATRegion1_trg_addr       
00000000  __TI_ATRegion2_region_sz      
00000000  __TI_ATRegion2_src_addr       
00000000  __TI_ATRegion2_trg_addr       
000011cc  __TI_CINIT_Base               
000011dc  __TI_CINIT_Limit              
000011dc  __TI_CINIT_Warm               
000011b8  __TI_Handler_Table_Base       
000011c4  __TI_Handler_Table_Limit      
00000f15  __TI_auto_init_nobinit_nopinit
00000ac9  __TI_decompress_lzss          
000010a9  __TI_decompress_none          
ffffffff  __TI_pprof_out_hndl           
000003cd  __TI_printfi_minimal          
ffffffff  __TI_prof_data_size           
ffffffff  __TI_prof_data_start          
00000000  __TI_static_base__            
00001081  __TI_zero_init_nomemset       
00000cf3  __aeabi_idiv0                 
000010d9  __aeabi_memclr                
000010d9  __aeabi_memclr4               
000010d9  __aeabi_memclr8               
000010f1  __aeabi_memcpy                
000010f1  __aeabi_memcpy4               
000010f1  __aeabi_memcpy8               
000010bd  __aeabi_memset                
000010bd  __aeabi_memset4               
000010bd  __aeabi_memset8               
00000e1d  __aeabi_uidiv                 
00000e1d  __aeabi_uidivmod              
ffffffff  __binit__                     
UNDEFED   __mpu_init                    
20207e00  __stack                       
20200000  __start___llvm_prf_bits       
20200000  __start___llvm_prf_cnts       
20200000  __stop___llvm_prf_bits        
20200000  __stop___llvm_prf_cnts        
00000f81  _c_int00_noargs               
20200000  _ftable                       
20200184  _lock                         
00000fef  _nop                          
UNDEFED   _system_post_cinit            
00001117  _system_pre_init              
20200188  _unlock                       
00001109  abort                         
ffffffff  binit                         
00000e5d  delay_ms                      
00001011  fputc                         
00000ed9  fputs                         
00000000  interruptVectors              
00000f51  main                          
00000fcd  memccpy                       
00000a2d  memcpy                        
00000c91  memset                        
20200193  newlines                      
000000c1  print_message                 
00000cf5  printf                        
0000111b  puts                          
202000f0  recv0_buff                    
20200190  recv0_length                  
20200170  send_buf                      
00000651  stop_scan                     


GLOBAL SYMBOLS: SORTED BY Symbol Address 

address   name                          
-------   ----                          
00000000  __TI_ATRegion0_region_sz      
00000000  __TI_ATRegion0_src_addr       
00000000  __TI_ATRegion0_trg_addr       
00000000  __TI_ATRegion1_region_sz      
00000000  __TI_ATRegion1_src_addr       
00000000  __TI_ATRegion1_trg_addr       
00000000  __TI_ATRegion2_region_sz      
00000000  __TI_ATRegion2_src_addr       
00000000  __TI_ATRegion2_trg_addr       
00000000  __TI_static_base__            
00000000  interruptVectors              
000000c1  print_message                 
00000200  __STACK_SIZE                  
000003cd  __TI_printfi_minimal          
00000651  stop_scan                     
00000831  SDM18_Decode                  
00000949  USART1_Send_ArrayU8           
00000a2d  memcpy                        
00000ac7  ADC0_IRQHandler               
00000ac7  ADC1_IRQHandler               
00000ac7  AES_IRQHandler                
00000ac7  CANFD0_IRQHandler             
00000ac7  DAC0_IRQHandler               
00000ac7  DMA_IRQHandler                
00000ac7  Default_Handler               
00000ac7  GROUP0_IRQHandler             
00000ac7  GROUP1_IRQHandler             
00000ac7  HardFault_Handler             
00000ac7  I2C0_IRQHandler               
00000ac7  I2C1_IRQHandler               
00000ac7  NMI_Handler                   
00000ac7  PendSV_Handler                
00000ac7  RTC_IRQHandler                
00000ac7  SPI0_IRQHandler               
00000ac7  SPI1_IRQHandler               
00000ac7  SVC_Handler                   
00000ac7  SysTick_Handler               
00000ac7  TIMA0_IRQHandler              
00000ac7  TIMA1_IRQHandler              
00000ac7  TIMG0_IRQHandler              
00000ac7  TIMG12_IRQHandler             
00000ac7  TIMG6_IRQHandler              
00000ac7  TIMG7_IRQHandler              
00000ac7  TIMG8_IRQHandler              
00000ac7  UART2_IRQHandler              
00000ac7  UART3_IRQHandler              
00000ac9  __TI_decompress_lzss          
00000b45  SYSCFG_DL_UART_0_init         
00000bb5  SYSCFG_DL_UART_1_init         
00000c25  UART0_IRQHandler              
00000c91  memset                        
00000cf3  __aeabi_idiv0                 
00000cf5  printf                        
00000d51  DL_UART_init                  
00000d99  SMD18_init                    
00000ddd  SYSCFG_DL_initPower           
00000e1d  __aeabi_uidiv                 
00000e1d  __aeabi_uidivmod              
00000e5d  delay_ms                      
00000e9d  SYSCFG_DL_SYSCTL_init         
00000ed9  fputs                         
00000f15  __TI_auto_init_nobinit_nopinit
00000f51  main                          
00000f81  _c_int00_noargs               
00000fa9  USART_Init                    
00000fcd  memccpy                       
00000fef  _nop                          
00000ff1  UART1_IRQHandler              
00001011  fputc                         
00001031  SYSCFG_DL_SYSTICK_init        
0000104d  SYSCFG_DL_init                
00001069  SYSCFG_DL_GPIO_init           
00001081  __TI_zero_init_nomemset       
00001097  DL_UART_setClockConfig        
000010a9  __TI_decompress_none          
000010bd  __aeabi_memset                
000010bd  __aeabi_memset4               
000010bd  __aeabi_memset8               
000010d9  __aeabi_memclr                
000010d9  __aeabi_memclr4               
000010d9  __aeabi_memclr8               
000010e5  DL_Common_delayCycles         
000010f1  __aeabi_memcpy                
000010f1  __aeabi_memcpy4               
000010f1  __aeabi_memcpy8               
00001109  abort                         
0000110e  C$$EXIT                       
0000110f  HOSTexit                      
00001113  Reset_Handler                 
00001117  _system_pre_init              
0000111b  puts                          
000011b8  __TI_Handler_Table_Base       
000011c4  __TI_Handler_Table_Limit      
000011cc  __TI_CINIT_Base               
000011dc  __TI_CINIT_Limit              
000011dc  __TI_CINIT_Warm               
20200000  __start___llvm_prf_bits       
20200000  __start___llvm_prf_cnts       
20200000  __stop___llvm_prf_bits        
20200000  __stop___llvm_prf_cnts        
20200000  _ftable                       
202000f0  recv0_buff                    
20200170  send_buf                      
20200182  CRC_buff                      
20200184  _lock                         
20200188  _unlock                       
20200190  recv0_length                  
20200193  newlines                      
20200194  Rx_buffer_ok                  
202001b2  Rx_buffer_temp                
20207e00  __stack                       
20208000  __STACK_END                   
ffffffff  __TI_pprof_out_hndl           
ffffffff  __TI_prof_data_size           
ffffffff  __TI_prof_data_start          
ffffffff  __binit__                     
ffffffff  binit                         
UNDEFED   __mpu_init                    
UNDEFED   _system_post_cinit            

[119 symbols]
